\BOOKMARK [1][-]{section.1}{The first section}{}% 1
\BOOKMARK [1][-]{section.2}{Random Stuff}{}% 2
\BOOKMARK [2][-]{subsection.2.1}{url}{section.2}% 3
\BOOKMARK [1][-]{section.3}{About paragraph breaks}{}% 4
